// Jest Snapshot v1, https://goo.gl/fbAQLP

exports[`Footer renders correctly 1`] = `
<footer
  className="Footer__Foot-s17ddcxu-0 cvMZgF"
>
  Copyrights ©️ 2018 All Rights reserved by Buctwbzs.
</footer>
`;
